Loading stock universes...
✓ S&P 500: 503 stocks
✓ NASDAQ 100: 101 stocks
✓ Combined universe: 518 stocks (86 overlap)

Market filter passed: SPY > SMA200 on 2026-09-16 (Close=754.05, SMA200=715.48)
Scanned 100/518 tickers...
Scanned 200/518 tickers...
Scanned 300/518 tickers...
Scanned 400/518 tickers...
Scanned 500/518 tickers...
Calculating relative strength scores...

=== PULLBACK SIGNALS TODAY ===
 rank ticker  relative_strength  last_date
    1    TMO          35.364471 2026-09-16
    2   NTAP          18.544009 2026-09-16
Market filter passed: SPY > SMA200 on 2026-09-16 (Close=754.05, SMA200=715.48)
Scanned 100/518 tickers...
Scanned 200/518 tickers...
Scanned 300/518 tickers...
Scanned 400/518 tickers...
Scanned 500/518 tickers...
Calculating relative strength scores...

=== HIGH MOMENTUM SIGNALS (RS > 50): 0 ===
Empty DataFrame
Columns: [rank, ticker, relative_strength, last_date]
Index: []
Saved chart: data/charts/2026/09/2026-09-16/TMO/pullback_setup.png
Saved chart: data/charts/2026/09/2026-09-16/NTAP/pullback_setup.png

Saved PDF gallery: data/charts/2026/09/2026-09-16/gallery_2026-09-16.pdf

Saved signals with RS: data/charts/2026/09/2026-09-16/scan_results_2026-09-16.csv

=== CHECKING EXITS FOR 25 OPEN SIGNALS ===
  CAH: missing buy_price or last_date, skipping
  ANET: missing buy_price or last_date, skipping
  HPQ: missing buy_price or last_date, skipping
  PHM: missing buy_price or last_date, skipping
  VTRS: missing buy_price or last_date, skipping
  HPE: missing buy_price or last_date, skipping
  BRK-B: still open (6 days in trade)
  XOM: still open (3 days in trade)
  EOG: still open (3 days in trade)
  ✓ PM: stop exit on 2026-09-15 | P&L: -2.00% | days: 2
  MSFT: still open (1 days in trade)
  TRV: still open (1 days in trade)
  CDW: still open (1 days in trade)
  ✓ COIN: stop exit on 2026-09-15 | P&L: -2.00% | days: 1
  PGR: still open (1 days in trade)
  NUE: still open (1 days in trade)
  NOW: no post-entry price data yet
  CRWD: no post-entry price data yet
  RVTY: no post-entry price data yet
  MCK: no post-entry price data yet
  FTNT: no post-entry price data yet
  MDT: no post-entry price data yet
  WAT: no post-entry price data yet
  V: no post-entry price data yet
  ABBV: no post-entry price data yet

✓ Pushed 2 new pullback signals to Supabase

============================================================
PAPER TRADING — 52-WEEK HIGH MOMENTUM
============================================================

=== PAPER TRADING: CHECKING EXITS ===
  conservative: no open trades
  aggressive: no open trades

=== PAPER TRADING: FILLING SLOTS ===
  No signals today — nothing to fill

============================================================
PAPER TRADING COMPLETE
============================================================

✅ Alert sent to Discord
