Loading stock universes...
✓ S&P 500: 503 stocks
✓ NASDAQ 100: 102 stocks
✓ Combined universe: 518 stocks (87 overlap)

Market filter passed: SPY > SMA200 on 2026-09-02 (Close=765.16, SMA200=711.12)
Scanned 100/518 tickers...
Scanned 200/518 tickers...
Scanned 300/518 tickers...
Scanned 400/518 tickers...
Scanned 500/518 tickers...
Calculating relative strength scores...

=== PULLBACK SIGNALS TODAY ===
 rank ticker  relative_strength  last_date
    1    CAH          16.241906 2026-09-02
Market filter passed: SPY > SMA200 on 2026-09-02 (Close=765.16, SMA200=711.12)
Scanned 100/518 tickers...
Scanned 200/518 tickers...
Scanned 300/518 tickers...
Scanned 400/518 tickers...
Scanned 500/518 tickers...
Calculating relative strength scores...

=== HIGH MOMENTUM SIGNALS (RS > 50): 0 ===
Empty DataFrame
Columns: [rank, ticker, relative_strength, last_date]
Index: []
Saved chart: data/charts/2026/09/2026-09-02/CAH/pullback_setup.png

Saved PDF gallery: data/charts/2026/09/2026-09-02/gallery_2026-09-02.pdf

Saved signals with RS: data/charts/2026/09/2026-09-02/scan_results_2026-09-02.csv

=== CHECKING EXITS FOR 35 OPEN SIGNALS ===
  ✓ UNP: stop exit on 2026-09-01 | P&L: -2.00% | days: 9
  ✓ NSC: stop exit on 2026-09-01 | P&L: -2.00% | days: 9
  COR: still open (8 days in trade)
  ✓ EFX: stop exit on 2026-09-01 | P&L: -2.00% | days: 8
  MCO: still open (8 days in trade)
  TRMB: still open (8 days in trade)
  ORLY: still open (9 days in trade)
  AJG: still open (8 days in trade)
  BRO: still open (8 days in trade)
  ✓ MRSH: stop exit on 2026-09-01 | P&L: -2.00% | days: 7
  EG: still open (4 days in trade)
  IFF: still open (7 days in trade)
  AWK: still open (4 days in trade)
  ✓ AMP: stop exit on 2026-09-01 | P&L: -2.00% | days: 6
  ✓ STT: stop exit on 2026-09-01 | P&L: -2.00% | days: 5
  COR: still open (6 days in trade)
  SBUX: still open (5 days in trade)
  ✓ XYZ: stop exit on 2026-09-01 | P&L: -2.00% | days: 6
  VRSN: still open (4 days in trade)
  CAH: missing buy_price or last_date, skipping
  ANET: missing buy_price or last_date, skipping
  HPQ: missing buy_price or last_date, skipping
  PHM: missing buy_price or last_date, skipping
  VTRS: missing buy_price or last_date, skipping
  HPE: missing buy_price or last_date, skipping
  ✓ SBUX: stop exit on 2026-09-01 | P&L: -2.00% | days: 3
  BRO: still open (1 days in trade)
  ✓ RJF: stop exit on 2026-09-01 | P&L: -2.00% | days: 1
  CCEP: still open (1 days in trade)
  ✓ LYB: stop exit on 2026-09-01 | P&L: -2.00% | days: 1
  FISV: still open (1 days in trade)
  CSGP: still open (1 days in trade)
  BRO: no post-entry price data yet
  LYB: no post-entry price data yet
  CSGP: no post-entry price data yet

✓ Pushed 1 new pullback signals to Supabase

============================================================
PAPER TRADING — 52-WEEK HIGH MOMENTUM
============================================================

=== PAPER TRADING: CHECKING EXITS ===
  conservative: no open trades
  aggressive: no open trades

=== PAPER TRADING: FILLING SLOTS ===
  No signals today — nothing to fill

============================================================
PAPER TRADING COMPLETE
============================================================

✅ Alert sent to Discord
