Loading stock universes...
✓ S&P 500: 503 stocks
✓ NASDAQ 100: 102 stocks
✓ Combined universe: 518 stocks (87 overlap)

Market filter passed: SPY > SMA200 on 2026-08-24 (Close=763.47, SMA200=707.99)
Scanned 100/518 tickers...
Scanned 200/518 tickers...
Scanned 300/518 tickers...
Scanned 400/518 tickers...
Scanned 500/518 tickers...
Calculating relative strength scores...

=== PULLBACK SIGNALS TODAY ===
 rank ticker  relative_strength  last_date
    1    AMP          24.971750 2026-08-24
    2    STT          21.743679 2026-08-24
    3    COR          19.275720 2026-08-24
    4   BALL          16.910264 2026-08-24
    5    WAB          13.036772 2026-08-24
    6    VTR           9.796197 2026-08-24
    7    EMR           8.636546 2026-08-24
    8   SBUX           7.476543 2026-08-24
    9    XYZ           6.550887 2026-08-24
Market filter passed: SPY > SMA200 on 2026-08-24 (Close=763.47, SMA200=707.99)
Scanned 100/518 tickers...
Scanned 200/518 tickers...
Scanned 300/518 tickers...
Scanned 400/518 tickers...
Scanned 500/518 tickers...

=== HIGH MOMENTUM SIGNALS: none today ===
Saved chart: data/charts/2026/08/2026-08-24/AMP/pullback_setup.png
Saved chart: data/charts/2026/08/2026-08-24/STT/pullback_setup.png
Saved chart: data/charts/2026/08/2026-08-24/COR/pullback_setup.png
Saved chart: data/charts/2026/08/2026-08-24/BALL/pullback_setup.png
Saved chart: data/charts/2026/08/2026-08-24/WAB/pullback_setup.png
Saved chart: data/charts/2026/08/2026-08-24/VTR/pullback_setup.png
Saved chart: data/charts/2026/08/2026-08-24/EMR/pullback_setup.png
Saved chart: data/charts/2026/08/2026-08-24/SBUX/pullback_setup.png
Saved chart: data/charts/2026/08/2026-08-24/XYZ/pullback_setup.png

Saved PDF gallery: data/charts/2026/08/2026-08-24/gallery_2026-08-24.pdf

Saved signals with RS: data/charts/2026/08/2026-08-24/scan_results_2026-08-24.csv

=== CHECKING EXITS FOR 39 OPEN SIGNALS ===
  AJG: still open (8 days in trade)
  BIIB: still open (6 days in trade)
  BEN: still open (6 days in trade)
  OKE: still open (7 days in trade)
  KMB: still open (5 days in trade)
  V: still open (5 days in trade)
  GDDY: still open (5 days in trade)
  INVH: still open (5 days in trade)
  BBY: still open (4 days in trade)
  EOG: still open (4 days in trade)
  TRGP: still open (4 days in trade)
  INCY: still open (3 days in trade)
  UNP: still open (3 days in trade)
  NSC: still open (3 days in trade)
  GEN: no post-entry price data yet
  WELL: no post-entry price data yet
  ✓ ABBV: stop exit on 2026-08-21 | P&L: -2.00% | days: 2
  TRI: still open (2 days in trade)
  CSX: no post-entry price data yet
  COR: still open (2 days in trade)
  EFX: still open (2 days in trade)
  AWK: still open (2 days in trade)
  MCO: still open (2 days in trade)
  PCG: still open (2 days in trade)
  TRMB: still open (2 days in trade)
  GDDY: still open (2 days in trade)
  ORLY: still open (2 days in trade)
  AJG: still open (1 days in trade)
  BRO: still open (1 days in trade)
  AMCR: still open (1 days in trade)
  SJM: still open (1 days in trade)
  MRSH: still open (1 days in trade)
  ✓ WST: stop exit on 2026-08-21 | P&L: -2.00% | days: 1
  IFF: still open (1 days in trade)
  AOS: still open (1 days in trade)
  CMG: still open (1 days in trade)
  ✓ PDD: stop exit on 2026-08-21 | P&L: -2.00% | days: 1
  INVH: still open (1 days in trade)
  TAP: still open (1 days in trade)

✓ Pushed 9 new pullback signals to Supabase

============================================================
PAPER TRADING — 52-WEEK HIGH MOMENTUM
============================================================

=== PAPER TRADING: CHECKING EXITS ===
  conservative: no open trades
  aggressive: no open trades

=== PAPER TRADING: FILLING SLOTS ===
  No signals today — nothing to fill

============================================================
PAPER TRADING COMPLETE
============================================================

✅ Alert sent to Discord
