Loading stock universes...
✓ S&P 500: 503 stocks
✓ NASDAQ 100: 102 stocks
✓ Combined universe: 518 stocks (87 overlap)

Market filter passed: SPY > SMA200 on 2026-09-10 (Close=757.83, SMA200=713.71)
Scanned 100/518 tickers...
Scanned 200/518 tickers...
Scanned 300/518 tickers...
Scanned 400/518 tickers...
Scanned 500/518 tickers...
Calculating relative strength scores...

=== PULLBACK SIGNALS TODAY ===
 rank ticker  relative_strength  last_date
    1    XOM          15.474425 2026-09-10
    2    EOG          10.670264 2026-09-10
Market filter passed: SPY > SMA200 on 2026-09-10 (Close=757.83, SMA200=713.71)
Scanned 100/518 tickers...
Scanned 200/518 tickers...
Scanned 300/518 tickers...
Scanned 400/518 tickers...
Scanned 500/518 tickers...
Calculating relative strength scores...

=== HIGH MOMENTUM SIGNALS (RS > 50): 0 ===
Empty DataFrame
Columns: [rank, ticker, relative_strength, last_date]
Index: []
Saved chart: data/charts/2026/09/2026-09-10/XOM/pullback_setup.png
Saved chart: data/charts/2026/09/2026-09-10/EOG/pullback_setup.png

Saved PDF gallery: data/charts/2026/09/2026-09-10/gallery_2026-09-10.pdf

Saved signals with RS: data/charts/2026/09/2026-09-10/scan_results_2026-09-10.csv

=== CHECKING EXITS FOR 23 OPEN SIGNALS ===
  ✓ EG: stop exit on 2026-09-09 | P&L: -2.00% | days: 10
  ✓ AWK: time exit on 2026-09-09 | P&L: 2.07% | days: 10
  CAH: missing buy_price or last_date, skipping
  ANET: missing buy_price or last_date, skipping
  HPQ: missing buy_price or last_date, skipping
  PHM: missing buy_price or last_date, skipping
  VTRS: missing buy_price or last_date, skipping
  HPE: missing buy_price or last_date, skipping
  ✓ CCEP: stop exit on 2026-09-09 | P&L: -2.00% | days: 3
  SWKS: still open (3 days in trade)
  ✓ GPN: stop exit on 2026-09-09 | P&L: -2.00% | days: 3
  ✓ GPC: stop exit on 2026-09-09 | P&L: -2.00% | days: 3
  ✓ CPAY: stop exit on 2026-09-09 | P&L: -2.00% | days: 3
  STT: still open (3 days in trade)
  ✓ HSIC: stop exit on 2026-09-09 | P&L: -2.00% | days: 3
  LITE: no post-entry price data yet
  KEYS: no post-entry price data yet
  CRWV: no post-entry price data yet
  IVZ: still open (2 days in trade)
  STX: no post-entry price data yet
  ✓ AIZ: stop exit on 2026-09-09 | P&L: -2.00% | days: 2
  ✓ SYF: stop exit on 2026-09-09 | P&L: -2.00% | days: 2
  BRK-B: still open (2 days in trade)

✓ Pushed 2 new pullback signals to Supabase

============================================================
PAPER TRADING — 52-WEEK HIGH MOMENTUM
============================================================

=== PAPER TRADING: CHECKING EXITS ===
  conservative: no open trades
  aggressive: no open trades

=== PAPER TRADING: FILLING SLOTS ===
  No signals today — nothing to fill

============================================================
PAPER TRADING COMPLETE
============================================================

✅ Alert sent to Discord
