Loading stock universes...
✓ S&P 500: 502 stocks
✓ NASDAQ 100: 102 stocks
✓ Combined universe: 518 stocks (86 overlap)

Market filter passed: SPY > SMA200 on 2026-08-18 (Close=767.45, SMA200=706.28)
Scanned 100/518 tickers...
Scanned 200/518 tickers...
Scanned 300/518 tickers...
Scanned 400/518 tickers...
Scanned 500/518 tickers...
Calculating relative strength scores...

=== PULLBACK SIGNALS TODAY ===
 rank ticker  relative_strength  last_date
    1   INCY          24.154038 2026-08-18
    2    UNP           9.433950 2026-08-18
    3    NSC           4.826246 2026-08-18
    4    ADM           3.434646 2026-08-18
    5   CASY           0.708845 2026-08-18
Market filter passed: SPY > SMA200 on 2026-08-18 (Close=767.45, SMA200=706.28)
Scanned 100/518 tickers...
Scanned 200/518 tickers...
Scanned 300/518 tickers...
Scanned 400/518 tickers...
Scanned 500/518 tickers...
Calculating relative strength scores...

=== HIGH MOMENTUM SIGNALS (RS > 50): 0 ===
Empty DataFrame
Columns: [rank, ticker, relative_strength, last_date]
Index: []
Saved chart: data/charts/2026/08/2026-08-18/INCY/pullback_setup.png
Saved chart: data/charts/2026/08/2026-08-18/UNP/pullback_setup.png
Saved chart: data/charts/2026/08/2026-08-18/NSC/pullback_setup.png
Saved chart: data/charts/2026/08/2026-08-18/ADM/pullback_setup.png
Saved chart: data/charts/2026/08/2026-08-18/CASY/pullback_setup.png

Saved PDF gallery: data/charts/2026/08/2026-08-18/gallery_2026-08-18.pdf

Saved signals with RS: data/charts/2026/08/2026-08-18/scan_results_2026-08-18.csv

=== CHECKING EXITS FOR 33 OPEN SIGNALS ===
  ✓ CFG: time exit on 2026-08-14 | P&L: 4.27% | days: 10
  AJG: still open (4 days in trade)
  ✓ URI: time exit on 2026-08-17 | P&L: 3.36% | days: 10
  GPC: still open (9 days in trade)
  ✓ AXP: stop exit on 2026-08-17 | P&L: -2.00% | days: 2
  CVX: still open (4 days in trade)
  PHM: still open (9 days in trade)
  UNP: still open (8 days in trade)
  FITB: still open (3 days in trade)
  HBAN: still open (3 days in trade)
  TFC: still open (3 days in trade)
  CAG: still open (3 days in trade)
  ✓ SBUX: stop exit on 2026-08-17 | P&L: -2.00% | days: 3
  ✓ OTIS: stop exit on 2026-08-17 | P&L: -2.00% | days: 8
  JNJ: still open (7 days in trade)
  NTRS: still open (7 days in trade)
  BIIB: still open (2 days in trade)
  BEN: still open (2 days in trade)
  APD: still open (6 days in trade)
  OKE: still open (3 days in trade)
  ✓ SJM: stop exit on 2026-08-17 | P&L: -2.00% | days: 2
  KEY: still open (2 days in trade)
  ✓ CBOE: stop exit on 2026-08-17 | P&L: -2.00% | days: 2
  ✓ CDW: stop exit on 2026-08-17 | P&L: -2.00% | days: 1
  KMB: still open (1 days in trade)
  PHM: still open (1 days in trade)
  HWM: still open (1 days in trade)
  V: still open (1 days in trade)
  GDDY: still open (1 days in trade)
  INVH: still open (1 days in trade)
  BBY: no post-entry price data yet
  EOG: no post-entry price data yet
  TRGP: no post-entry price data yet

✓ Pushed 5 new pullback signals to Supabase

============================================================
PAPER TRADING — 52-WEEK HIGH MOMENTUM
============================================================

=== PAPER TRADING: CHECKING EXITS ===
  conservative: no open trades
  aggressive: no open trades

=== PAPER TRADING: FILLING SLOTS ===
  No signals today — nothing to fill

============================================================
PAPER TRADING COMPLETE
============================================================

✅ Alert sent to Discord
