Loading stock universes...
✓ S&P 500: 503 stocks
✓ NASDAQ 100: 101 stocks
✓ Combined universe: 518 stocks (86 overlap)

Market filter passed: SPY > SMA200 on 2026-09-28 (Close=765.61, SMA200=718.86)
Scanned 100/518 tickers...
Scanned 200/518 tickers...
Scanned 300/518 tickers...
Scanned 400/518 tickers...
Scanned 500/518 tickers...
Calculating relative strength scores...

=== PULLBACK SIGNALS TODAY ===
 rank ticker  relative_strength  last_date
    1     PG                NaN 2026-09-28
    2   MSFT                NaN 2026-09-28
Market filter passed: SPY > SMA200 on 2026-09-28 (Close=765.61, SMA200=718.86)
Scanned 100/518 tickers...
Scanned 200/518 tickers...
Scanned 300/518 tickers...
Scanned 400/518 tickers...
Scanned 500/518 tickers...

=== HIGH MOMENTUM SIGNALS: none today ===
Saved chart: data/charts/2026/09/2026-09-30/PG/pullback_setup.png
Saved chart: data/charts/2026/09/2026-09-30/MSFT/pullback_setup.png

Saved PDF gallery: data/charts/2026/09/2026-09-30/gallery_2026-09-30.pdf

Saved signals with RS: data/charts/2026/09/2026-09-30/scan_results_2026-09-30.csv

=== CHECKING EXITS FOR 23 OPEN SIGNALS ===
  CAH: missing buy_price or last_date, skipping
  ANET: missing buy_price or last_date, skipping
  HPQ: missing buy_price or last_date, skipping
  PHM: missing buy_price or last_date, skipping
  VTRS: missing buy_price or last_date, skipping
  HPE: missing buy_price or last_date, skipping
  ❌ WAT: failed to update Supabase — Out of range float values are not JSON compliant: nan
  ❌ ABBV: failed to update Supabase — Out of range float values are not JSON compliant: nan
  TMO: still open (9 days in trade)
  ✓ NTAP: target exit on 2026-09-29 | P&L: 7.00% | days: 9
  GILD: still open (8 days in trade)
  JNJ: missing buy_price or last_date, skipping
  P: missing buy_price or last_date, skipping
  PLTR: missing buy_price or last_date, skipping
  SMCI: missing buy_price or last_date, skipping
  MRNA: missing buy_price or last_date, skipping
  MSTR: missing buy_price or last_date, skipping
  NDSN: still open (3 days in trade)
  PFE: still open (3 days in trade)
  ZBRA: still open (3 days in trade)
  MRK: missing buy_price or last_date, skipping
  ALNY: missing buy_price or last_date, skipping
  AMGN: missing buy_price or last_date, skipping

✓ Pushed 2 new pullback signals to Supabase

============================================================
PAPER TRADING — 52-WEEK HIGH MOMENTUM
============================================================

=== PAPER TRADING: CHECKING EXITS ===
  conservative: no open trades
  aggressive: no open trades

=== PAPER TRADING: FILLING SLOTS ===
  No signals today — nothing to fill

============================================================
PAPER TRADING COMPLETE
============================================================

✅ Alert sent to Discord
