Loading stock universes...
✓ S&P 500: 501 stocks
✓ NASDAQ 100: 102 stocks
✓ Combined universe: 518 stocks (85 overlap)

Market filter passed: SPY > SMA200 on 2026-08-05 (Close=769.79, SMA200=701.94)
Scanned 100/518 tickers...
Scanned 200/518 tickers...
Scanned 300/518 tickers...
Scanned 400/518 tickers...
Scanned 500/518 tickers...
Calculating relative strength scores...

=== PULLBACK SIGNALS TODAY ===
 rank ticker  relative_strength  last_date
    1   INCY          15.293696 2026-08-05
    2   FITB          14.272534 2026-08-05
    3    CSX          10.135993 2026-08-05
    4    UNP           8.099107 2026-08-05
    5   POOL           7.706755 2026-08-05
    6    AXP           7.616987 2026-08-05
    7    XYL           5.027615 2026-08-05
    8    KEY           4.228719 2026-08-05
    9    AIG           1.213728 2026-08-05
   10   BIIB           0.260780 2026-08-05
   11   OTIS          -5.340389 2026-08-05
Market filter passed: SPY > SMA200 on 2026-08-05 (Close=769.79, SMA200=701.94)
Scanned 100/518 tickers...
Scanned 200/518 tickers...
Scanned 300/518 tickers...
Scanned 400/518 tickers...
Scanned 500/518 tickers...
Calculating relative strength scores...

=== HIGH MOMENTUM SIGNALS (RS > 50): 1 ===
 rank ticker  relative_strength  last_date
    1    CRL          50.642534 2026-08-05
Saved chart: data/charts/2026/08/2026-08-05/INCY/pullback_setup.png
Saved chart: data/charts/2026/08/2026-08-05/FITB/pullback_setup.png
Saved chart: data/charts/2026/08/2026-08-05/CSX/pullback_setup.png
Saved chart: data/charts/2026/08/2026-08-05/UNP/pullback_setup.png
Saved chart: data/charts/2026/08/2026-08-05/POOL/pullback_setup.png
Saved chart: data/charts/2026/08/2026-08-05/AXP/pullback_setup.png
Saved chart: data/charts/2026/08/2026-08-05/XYL/pullback_setup.png
Saved chart: data/charts/2026/08/2026-08-05/KEY/pullback_setup.png
Saved chart: data/charts/2026/08/2026-08-05/AIG/pullback_setup.png
Saved chart: data/charts/2026/08/2026-08-05/BIIB/pullback_setup.png
Saved chart: data/charts/2026/08/2026-08-05/OTIS/pullback_setup.png

Saved PDF gallery: data/charts/2026/08/2026-08-05/gallery_2026-08-05.pdf

Saved signals with RS: data/charts/2026/08/2026-08-05/scan_results_2026-08-05.csv

=== CHECKING EXITS FOR 24 OPEN SIGNALS ===
  MRK: still open (9 days in trade)
  WAT: still open (4 days in trade)
  RF: still open (4 days in trade)
  GILD: still open (4 days in trade)
  GL: still open (3 days in trade)
  DAL: still open (2 days in trade)
  BNY: still open (2 days in trade)
  CFG: still open (2 days in trade)
  TDY: still open (2 days in trade)
  ANET: still open (1 days in trade)
  ✓ HSIC: stop exit on 2026-08-04 | P&L: -2.00% | days: 1
  GE: still open (1 days in trade)
  URI: still open (1 days in trade)
  PANW: no post-entry price data yet
  CRWD: no post-entry price data yet
  UAL: no post-entry price data yet
  CAH: no post-entry price data yet
  GPC: no post-entry price data yet
  PNC: no post-entry price data yet
  WFC: no post-entry price data yet
  RF: no post-entry price data yet
  PHM: no post-entry price data yet
  CPB: no post-entry price data yet
  EFX: no post-entry price data yet

✓ Pushed 11 new pullback signals to Supabase

============================================================
PAPER TRADING — 52-WEEK HIGH MOMENTUM
============================================================

=== PAPER TRADING: CHECKING EXITS ===
  conservative: checking 1 open trade(s)
    ZBRA: still open (1d held)
  aggressive: checking 1 open trade(s)
    ZBRA: still open (1d held)

=== PAPER TRADING: FILLING SLOTS ===

  conservative: 1 slot(s) open | available cash: $589.20
    ⏳ PENDING CRL [conservative]: $589.20 allocated | RS: 50.6 | entry price fetched tomorrow at open

  aggressive: 1 slot(s) open | available cash: $587.71
    ⏳ PENDING CRL [aggressive]: $587.71 allocated | RS: 50.6 | entry price fetched tomorrow at open

============================================================
PAPER TRADING COMPLETE
============================================================

✅ Alert sent to Discord
