Loading stock universes...
✓ S&P 500: 501 stocks
✓ NASDAQ 100: 102 stocks
✓ Combined universe: 518 stocks (85 overlap)

Market filter passed: SPY > SMA200 on 2026-08-10 (Close=773.03, SMA200=703.48)
Scanned 100/518 tickers...
Scanned 200/518 tickers...
Scanned 300/518 tickers...
Scanned 400/518 tickers...
Scanned 500/518 tickers...
Calculating relative strength scores...

=== PULLBACK SIGNALS TODAY ===
 rank ticker  relative_strength  last_date
    1    WST          13.979595 2026-08-10
Market filter passed: SPY > SMA200 on 2026-08-10 (Close=773.03, SMA200=703.48)
Scanned 100/518 tickers...
Scanned 200/518 tickers...
Scanned 300/518 tickers...
Scanned 400/518 tickers...
Scanned 500/518 tickers...
Calculating relative strength scores...

=== HIGH MOMENTUM SIGNALS (RS > 50): 0 ===
Empty DataFrame
Columns: [rank, ticker, relative_strength, last_date]
Index: []
Saved chart: data/charts/2026/08/2026-08-10/WST/pullback_setup.png

Saved PDF gallery: data/charts/2026/08/2026-08-10/gallery_2026-08-10.pdf

Saved signals with RS: data/charts/2026/08/2026-08-10/scan_results_2026-08-10.csv

=== CHECKING EXITS FOR 24 OPEN SIGNALS ===
  RF: still open (7 days in trade)
  GILD: still open (7 days in trade)
  GL: still open (6 days in trade)
  DAL: still open (5 days in trade)
  BNY: still open (5 days in trade)
  CFG: still open (5 days in trade)
  TDY: still open (5 days in trade)
  GE: still open (4 days in trade)
  URI: still open (4 days in trade)
  CAH: still open (3 days in trade)
  GPC: still open (3 days in trade)
  ✓ PNC: stop exit on 2026-08-07 | P&L: -2.00% | days: 3
  PHM: still open (3 days in trade)
  CPB: still open (3 days in trade)
  ✓ CSX: stop exit on 2026-08-07 | P&L: -2.00% | days: 2
  UNP: still open (2 days in trade)
  POOL: still open (2 days in trade)
  ✓ XYL: stop exit on 2026-08-07 | P&L: -2.00% | days: 2
  OTIS: still open (2 days in trade)
  JNJ: still open (1 days in trade)
  NTRS: still open (1 days in trade)
  CB: still open (1 days in trade)
  PGR: no post-entry price data yet
  APD: no post-entry price data yet

✓ Pushed 1 new pullback signals to Supabase

============================================================
PAPER TRADING — 52-WEEK HIGH MOMENTUM
============================================================

=== PAPER TRADING: CHECKING EXITS ===
  conservative: checking 1 open trade(s)
    ZBRA: still open (4d held)
  aggressive: checking 1 open trade(s)
    ZBRA: still open (4d held)

=== PAPER TRADING: FILLING SLOTS ===
  No signals today — nothing to fill

============================================================
PAPER TRADING COMPLETE
============================================================

✅ Alert sent to Discord
