Loading stock universes...
✓ S&P 500: 503 stocks
✓ NASDAQ 100: 102 stocks
✓ Combined universe: 518 stocks (87 overlap)

Market filter passed: SPY > SMA200 on 2026-08-19 (Close=769.06, SMA200=706.73)
Scanned 100/518 tickers...
Scanned 200/518 tickers...
Scanned 300/518 tickers...
Scanned 400/518 tickers...
Scanned 500/518 tickers...
Calculating relative strength scores...

=== PULLBACK SIGNALS TODAY ===
 rank ticker  relative_strength  last_date
    1   ABBV          22.337512 2026-08-19
    2    TRI          20.201732 2026-08-19
    3    LLY          17.788346 2026-08-19
    4    COR          17.312647 2026-08-19
    5    EFX          14.062387 2026-08-19
    6    AWK          10.901488 2026-08-19
    7    MCO           9.414937 2026-08-19
    8    PCG           4.573839 2026-08-19
    9   TRMB           3.399553 2026-08-19
   10   GDDY           3.305982 2026-08-19
   11   ORLY          -3.049348 2026-08-19
Market filter passed: SPY > SMA200 on 2026-08-19 (Close=769.06, SMA200=706.73)
Scanned 100/518 tickers...
Scanned 200/518 tickers...
Scanned 300/518 tickers...
Scanned 400/518 tickers...
Scanned 500/518 tickers...
Calculating relative strength scores...

=== HIGH MOMENTUM SIGNALS (RS > 50): 1 ===
 rank ticker  relative_strength  last_date
    1   MRNA         268.323899 2026-08-19
Saved chart: data/charts/2026/08/2026-08-19/ABBV/pullback_setup.png
Saved chart: data/charts/2026/08/2026-08-19/TRI/pullback_setup.png
Saved chart: data/charts/2026/08/2026-08-19/LLY/pullback_setup.png
Saved chart: data/charts/2026/08/2026-08-19/COR/pullback_setup.png
Saved chart: data/charts/2026/08/2026-08-19/EFX/pullback_setup.png
Saved chart: data/charts/2026/08/2026-08-19/AWK/pullback_setup.png
Saved chart: data/charts/2026/08/2026-08-19/MCO/pullback_setup.png
Saved chart: data/charts/2026/08/2026-08-19/PCG/pullback_setup.png
Saved chart: data/charts/2026/08/2026-08-19/TRMB/pullback_setup.png
Saved chart: data/charts/2026/08/2026-08-19/GDDY/pullback_setup.png
Saved chart: data/charts/2026/08/2026-08-19/ORLY/pullback_setup.png

Saved PDF gallery: data/charts/2026/08/2026-08-19/gallery_2026-08-19.pdf

Saved signals with RS: data/charts/2026/08/2026-08-19/scan_results_2026-08-19.csv

=== CHECKING EXITS FOR 30 OPEN SIGNALS ===
  AJG: still open (5 days in trade)
  ✓ GPC: time exit on 2026-08-18 | P&L: -0.27% | days: 10
  CVX: still open (5 days in trade)
  ✓ PHM: stop exit on 2026-08-18 | P&L: -2.00% | days: 10
  UNP: still open (9 days in trade)
  ✓ FITB: stop exit on 2026-08-18 | P&L: -2.00% | days: 4
  HBAN: still open (4 days in trade)
  TFC: still open (4 days in trade)
  CAG: still open (4 days in trade)
  JNJ: still open (8 days in trade)
  NTRS: still open (8 days in trade)
  BIIB: still open (3 days in trade)
  BEN: still open (3 days in trade)
  APD: still open (7 days in trade)
  OKE: still open (4 days in trade)
  KEY: still open (3 days in trade)
  KMB: still open (2 days in trade)
  ✓ PHM: stop exit on 2026-08-18 | P&L: -2.00% | days: 2
  HWM: still open (2 days in trade)
  V: still open (2 days in trade)
  GDDY: still open (2 days in trade)
  INVH: still open (2 days in trade)
  BBY: still open (1 days in trade)
  EOG: still open (1 days in trade)
  TRGP: still open (1 days in trade)
  INCY: no post-entry price data yet
  UNP: no post-entry price data yet
  NSC: no post-entry price data yet
  ADM: no post-entry price data yet
  CASY: no post-entry price data yet

✓ Pushed 11 new pullback signals to Supabase

============================================================
PAPER TRADING — 52-WEEK HIGH MOMENTUM
============================================================

=== PAPER TRADING: CHECKING EXITS ===
  conservative: no open trades
  aggressive: no open trades

=== PAPER TRADING: FILLING SLOTS ===

  conservative: 2 slot(s) open | available cash: $1154.84
    ⏳ PENDING MRNA [conservative]: $577.42 allocated | RS: 268.3 | entry price fetched tomorrow at open

  aggressive: 2 slot(s) open | available cash: $1151.93
    ⏳ PENDING MRNA [aggressive]: $575.97 allocated | RS: 268.3 | entry price fetched tomorrow at open

============================================================
PAPER TRADING COMPLETE
============================================================

✅ Alert sent to Discord
