Loading stock universes...
✓ S&P 500: 502 stocks
✓ NASDAQ 100: 103 stocks
✓ Combined universe: 519 stocks (86 overlap)

Market filter passed: SPY > SMA200 on 2026-08-03 (Close=757.67, SMA200=700.86)
Scanned 100/519 tickers...
Scanned 200/519 tickers...
Scanned 300/519 tickers...
Scanned 400/519 tickers...
Scanned 500/519 tickers...
Calculating relative strength scores...

=== PULLBACK SIGNALS TODAY ===
 rank ticker  relative_strength  last_date
    1   ANET          26.867613 2026-08-03
    2   HSIC          19.142974 2026-08-03
    3     GE          18.341687 2026-08-03
    4    URI          14.630596 2026-08-03
Market filter passed: SPY > SMA200 on 2026-08-03 (Close=757.67, SMA200=700.86)
Scanned 100/519 tickers...
Scanned 200/519 tickers...
Scanned 300/519 tickers...
Scanned 400/519 tickers...
Scanned 500/519 tickers...
Calculating relative strength scores...

=== HIGH MOMENTUM SIGNALS (RS > 50): 0 ===
Empty DataFrame
Columns: [rank, ticker, relative_strength, last_date]
Index: []
Saved chart: data/charts/2026/08/2026-08-03/ANET/pullback_setup.png
Saved chart: data/charts/2026/08/2026-08-03/HSIC/pullback_setup.png
Saved chart: data/charts/2026/08/2026-08-03/GE/pullback_setup.png
Saved chart: data/charts/2026/08/2026-08-03/URI/pullback_setup.png

Saved PDF gallery: data/charts/2026/08/2026-08-03/gallery_2026-08-03.pdf

Saved signals with RS: data/charts/2026/08/2026-08-03/scan_results_2026-08-03.csv

=== CHECKING EXITS FOR 17 OPEN SIGNALS ===
  ✓ AME: time exit on 2026-07-31 | P&L: 1.58% | days: 10
  ✓ L: time exit on 2026-07-31 | P&L: 1.39% | days: 10
  HST: still open (9 days in trade)
  MRK: still open (7 days in trade)
  MNST: still open (2 days in trade)
  WAT: still open (2 days in trade)
  ✓ COO: stop exit on 2026-07-31 | P&L: -2.00% | days: 2
  DASH: still open (2 days in trade)
  RF: still open (2 days in trade)
  GILD: still open (2 days in trade)
  ✓ CMG: stop exit on 2026-07-31 | P&L: -2.00% | days: 1
  GL: still open (1 days in trade)
  ✓ LYV: stop exit on 2026-07-31 | P&L: -2.00% | days: 1
  DAL: no post-entry price data yet
  BNY: no post-entry price data yet
  CFG: no post-entry price data yet
  TDY: no post-entry price data yet

✓ Pushed 4 new pullback signals to Supabase

============================================================
PAPER TRADING — 52-WEEK HIGH MOMENTUM
============================================================

=== PAPER TRADING: CHECKING EXITS ===
  conservative: no open trades
  aggressive: no open trades

=== PAPER TRADING: FILLING SLOTS ===
  No signals today — nothing to fill

============================================================
PAPER TRADING COMPLETE
============================================================

✅ Alert sent to Discord
